// Jest Snapshot v1, https://goo.gl/fbAQLP

exports[`Header should render properly 1`] = `
<div
  className="App-header"
>
  <img
    alt="logo"
    className="App-logo"
    src="logo.svg"
  />
  <a
    href="/"
    id="logo"
  >
    <h2>
      Testing header component text
    </h2>
  </a>
</div>
`;
